// Jest Snapshot v1, https://jestjs.io/docs/snapshot-testing

exports[`Pruebas en GifItem.jsx debe de hacer match con el snapshot 1`] = `
<div>
  <div
    class="card"
  >
    <img
      alt="Hola MUNDO"
      src="https://sdfsdfasdf/hola.jpg"
    />
    <p>
      Hola MUNDO
    </p>
  </div>
</div>
`;
